{"context":"NestFactory","level":"info","message":"Starting Nest application...","service":"filapro-backend","timestamp":"2026-01-28T16:11:56.061Z"}
{"context":"InstanceLoader","level":"info","message":"CommonModule dependencies initialized","service":"filapro-backend","timestamp":"2026-01-28T16:11:56.075Z"}
{"context":"InstanceLoader","level":"info","message":"PrismaModule dependencies initialized","service":"filapro-backend","timestamp":"2026-01-28T16:11:56.076Z"}
{"context":"InstanceLoader","level":"info","message":"PassportModule dependencies initialized","service":"filapro-backend","timestamp":"2026-01-28T16:11:56.076Z"}
{"context":"InstanceLoader","level":"info","message":"ThrottlerModule dependencies initialized","service":"filapro-backend","timestamp":"2026-01-28T16:11:56.077Z"}
{"context":"InstanceLoader","level":"info","message":"JwtModule dependencies initialized","service":"filapro-backend","timestamp":"2026-01-28T16:11:56.077Z"}
{"context":"InstanceLoader","level":"info","message":"JwtModule dependencies initialized","service":"filapro-backend","timestamp":"2026-01-28T16:11:56.077Z"}
{"context":"InstanceLoader","level":"info","message":"AppModule dependencies initialized","service":"filapro-backend","timestamp":"2026-01-28T16:11:56.078Z"}
{"context":"InstanceLoader","level":"info","message":"AuthModule dependencies initialized","service":"filapro-backend","timestamp":"2026-01-28T16:11:56.078Z"}
{"context":"InstanceLoader","level":"info","message":"TicketsModule dependencies initialized","service":"filapro-backend","timestamp":"2026-01-28T16:11:56.078Z"}
{"context":"InstanceLoader","level":"info","message":"QueueModule dependencies initialized","service":"filapro-backend","timestamp":"2026-01-28T16:11:56.079Z"}
{"context":"RoutesResolver","level":"info","message":"AppController {/}:","service":"filapro-backend","timestamp":"2026-01-28T16:11:56.095Z"}
{"context":"RouterExplorer","level":"info","message":"Mapped {/, GET} route","service":"filapro-backend","timestamp":"2026-01-28T16:11:56.097Z"}
{"context":"RouterExplorer","level":"info","message":"Mapped {/health, GET} route","service":"filapro-backend","timestamp":"2026-01-28T16:11:56.098Z"}
{"context":"RoutesResolver","level":"info","message":"AuthController {/auth}:","service":"filapro-backend","timestamp":"2026-01-28T16:11:56.098Z"}
{"context":"RouterExplorer","level":"info","message":"Mapped {/auth/register, POST} route","service":"filapro-backend","timestamp":"2026-01-28T16:11:56.099Z"}
{"context":"RouterExplorer","level":"info","message":"Mapped {/auth/login, POST} route","service":"filapro-backend","timestamp":"2026-01-28T16:11:56.099Z"}
{"context":"RoutesResolver","level":"info","message":"TicketsController {/tickets}:","service":"filapro-backend","timestamp":"2026-01-28T16:11:56.099Z"}
{"context":"RouterExplorer","level":"info","message":"Mapped {/tickets, POST} route","service":"filapro-backend","timestamp":"2026-01-28T16:11:56.100Z"}
{"context":"RoutesResolver","level":"info","message":"QueueController {/queue}:","service":"filapro-backend","timestamp":"2026-01-28T16:11:56.100Z"}
{"context":"RouterExplorer","level":"info","message":"Mapped {/queue/state, GET} route","service":"filapro-backend","timestamp":"2026-01-28T16:11:56.101Z"}
{"context":"RouterExplorer","level":"info","message":"Mapped {/queue/public-state/:userId, GET} route","service":"filapro-backend","timestamp":"2026-01-28T16:11:56.101Z"}
{"context":"RouterExplorer","level":"info","message":"Mapped {/queue/my-position/:ticketCode, GET} route","service":"filapro-backend","timestamp":"2026-01-28T16:11:56.101Z"}
{"context":"RouterExplorer","level":"info","message":"Mapped {/queue/call-next, POST} route","service":"filapro-backend","timestamp":"2026-01-28T16:11:56.102Z"}
{"context":"RouterExplorer","level":"info","message":"Mapped {/queue/finish, POST} route","service":"filapro-backend","timestamp":"2026-01-28T16:11:56.102Z"}
{"context":"NestApplication","level":"info","message":"Nest application successfully started","service":"filapro-backend","timestamp":"2026-01-28T16:11:56.105Z"}
{"context":"NestFactory","level":"info","message":"Starting Nest application...","service":"filapro-backend","timestamp":"2026-01-28T16:12:17.040Z"}
{"context":"InstanceLoader","level":"info","message":"CommonModule dependencies initialized","service":"filapro-backend","timestamp":"2026-01-28T16:12:17.057Z"}
{"context":"InstanceLoader","level":"info","message":"PrismaModule dependencies initialized","service":"filapro-backend","timestamp":"2026-01-28T16:12:17.057Z"}
{"context":"InstanceLoader","level":"info","message":"PassportModule dependencies initialized","service":"filapro-backend","timestamp":"2026-01-28T16:12:17.057Z"}
{"context":"InstanceLoader","level":"info","message":"ThrottlerModule dependencies initialized","service":"filapro-backend","timestamp":"2026-01-28T16:12:17.058Z"}
{"context":"InstanceLoader","level":"info","message":"JwtModule dependencies initialized","service":"filapro-backend","timestamp":"2026-01-28T16:12:17.058Z"}
{"context":"InstanceLoader","level":"info","message":"JwtModule dependencies initialized","service":"filapro-backend","timestamp":"2026-01-28T16:12:17.058Z"}
{"context":"InstanceLoader","level":"info","message":"AppModule dependencies initialized","service":"filapro-backend","timestamp":"2026-01-28T16:12:17.059Z"}
{"context":"InstanceLoader","level":"info","message":"AuthModule dependencies initialized","service":"filapro-backend","timestamp":"2026-01-28T16:12:17.059Z"}
{"context":"InstanceLoader","level":"info","message":"TicketsModule dependencies initialized","service":"filapro-backend","timestamp":"2026-01-28T16:12:17.060Z"}
{"context":"InstanceLoader","level":"info","message":"QueueModule dependencies initialized","service":"filapro-backend","timestamp":"2026-01-28T16:12:17.060Z"}
{"context":"RoutesResolver","level":"info","message":"AppController {/}:","service":"filapro-backend","timestamp":"2026-01-28T16:12:17.079Z"}
{"context":"RouterExplorer","level":"info","message":"Mapped {/, GET} route","service":"filapro-backend","timestamp":"2026-01-28T16:12:17.081Z"}
{"context":"RouterExplorer","level":"info","message":"Mapped {/health, GET} route","service":"filapro-backend","timestamp":"2026-01-28T16:12:17.081Z"}
{"context":"RoutesResolver","level":"info","message":"AuthController {/auth}:","service":"filapro-backend","timestamp":"2026-01-28T16:12:17.082Z"}
{"context":"RouterExplorer","level":"info","message":"Mapped {/auth/register, POST} route","service":"filapro-backend","timestamp":"2026-01-28T16:12:17.082Z"}
{"context":"RouterExplorer","level":"info","message":"Mapped {/auth/login, POST} route","service":"filapro-backend","timestamp":"2026-01-28T16:12:17.082Z"}
{"context":"RoutesResolver","level":"info","message":"TicketsController {/tickets}:","service":"filapro-backend","timestamp":"2026-01-28T16:12:17.083Z"}
{"context":"RouterExplorer","level":"info","message":"Mapped {/tickets, POST} route","service":"filapro-backend","timestamp":"2026-01-28T16:12:17.083Z"}
{"context":"RoutesResolver","level":"info","message":"QueueController {/queue}:","service":"filapro-backend","timestamp":"2026-01-28T16:12:17.083Z"}
{"context":"RouterExplorer","level":"info","message":"Mapped {/queue/state, GET} route","service":"filapro-backend","timestamp":"2026-01-28T16:12:17.084Z"}
{"context":"RouterExplorer","level":"info","message":"Mapped {/queue/public-state/:userId, GET} route","service":"filapro-backend","timestamp":"2026-01-28T16:12:17.084Z"}
{"context":"RouterExplorer","level":"info","message":"Mapped {/queue/my-position/:ticketCode, GET} route","service":"filapro-backend","timestamp":"2026-01-28T16:12:17.084Z"}
{"context":"RouterExplorer","level":"info","message":"Mapped {/queue/call-next, POST} route","service":"filapro-backend","timestamp":"2026-01-28T16:12:17.085Z"}
{"context":"RouterExplorer","level":"info","message":"Mapped {/queue/finish, POST} route","service":"filapro-backend","timestamp":"2026-01-28T16:12:17.085Z"}
{"context":"NestApplication","level":"info","message":"Nest application successfully started","service":"filapro-backend","timestamp":"2026-01-28T16:12:17.087Z"}
